INFO: [Common 17-3922] A valid Vivado Design Suite BASIC license has been detected. Your current license is active and will expire on 17-sep-2027.
#-----------------------------------------------------------
# Vivado v2026.1 (64-bit)
# SW Build 6511674 on Tue Jun 16 11:01:26 MDT 2026
# IP Build 6504888 on Tue Jun 09 09:05:25 MDT 2026
# SharedData Build 6501428 on Mon Jun 08 17:34:18 MDT 2026
# Start of session at: Fri Sep 25 13:54:05 2026
# Process ID         : 72699
# Current directory  : /projects/mpsoc-network-server/temp
# Command line       : vivado
# Log file           : /projects/mpsoc-network-server/temp/vivado.log
# Journal file       : /projects/mpsoc-network-server/temp/vivado.jou
# Running On         : LNXPC
# Platform           : Ubuntu
# Operating System   : Ubuntu 22.04.5 LTS
# Processor Detail   : Intel(R) Core(TM) i7-9700 CPU @ 3.00GHz
# CPU Frequency      : 4400.028 MHz
# CPU Physical cores : 8
# CPU Logical cores  : 8
# Host memory        : 33454 MB
# Swap memory        : 2147 MB
# Total Virtual      : 35602 MB
# Available Virtual  : 31424 MB
#-----------------------------------------------------------
start_gui
WARNING: [Board 49-91] Board repository path '/tmp/bdftest' does not exist, it will not be used to search board files.
create_project mpsoc-network-server /projects/mpsoc-network-server/temp/mpsoc-network-server -part xczu1cg-sbva484-1-e
INFO: [IP_Flow 19-234] Refreshing IP repositories
INFO: [IP_Flow 19-1704] No user IP repositories specified
INFO: [IP_Flow 19-2313] Loaded Vivado IP repository '/tools/Xilinx/2026.1/data/ip'.
set_property board_part avnet-tria:zuboard_1cg:part0:1.2 [current_project]
create_bd_design "mpsoc_bd"
Wrote  : </projects/mpsoc-network-server/temp/mpsoc-network-server/mpsoc-network-server.srcs/sources_1/bd/mpsoc_bd/mpsoc_bd.bd> 
update_compile_order -fileset sources_1
startgroup
create_bd_cell -type ip -vlnv xilinx.com:ip:zynq_ultra_ps_e:3.5 zynq_ultra_ps_e_0
endgroup
apply_bd_automation -rule xilinx.com:bd_rule:zynq_ultra_ps_e -config {apply_board_preset "1" }  [get_bd_cells zynq_ultra_ps_e_0]
set_property location {1 70 -469} [get_bd_cells zynq_ultra_ps_e_0]
startgroup
create_bd_cell -type ip -vlnv xilinx.com:ip:axi_iic:2.1 axi_iic_0
apply_board_connection -board_interface "tempsensor_i2c_pl" -ip_intf "axi_iic_0/IIC" -diagram "mpsoc_bd" 
INFO: [BoardInterface 100-3] current_bd_design mpsoc_bd
INFO: [BoardInterface 100-10] set_property CONFIG.USE_BOARD_FLOW true [get_bd_cells -quiet /axi_iic_0]
INFO: [BoardInterface 100-12] set_property CONFIG.IIC_BOARD_INTERFACE tempsensor_i2c_pl [get_bd_cells -quiet /axi_iic_0]
INFO: [BoardInterface 100-108] create_bd_intf_port -mode Master -vlnv xilinx.com:interface:iic_rtl:1.0 tempsensor_i2c_pl
INFO: [BoardInterface 100-109] connect_bd_intf_net /tempsensor_i2c_pl /axi_iic_0/IIC
endgroup
apply_bd_automation -rule xilinx.com:bd_rule:axi4 -config { Clk_master {Auto} Clk_slave {Auto} Clk_xbar {Auto} Master {/zynq_ultra_ps_e_0/M_AXI_HPM1_FPD} Slave {/axi_iic_0/S_AXI} ddr_seg {Auto} intc_ip {New AXI SmartConnect} master_apm {0}}  [get_bd_intf_pins axi_iic_0/S_AXI]
INFO: [Ipptcl 7-1463] No Compatible Board Interface found. Board Tab not created in customize GUI
Slave segment '/axi_iic_0/S_AXI/Reg' is being assigned into address space '/zynq_ultra_ps_e_0/Data' at <0xB000_0000 [ 64K ]>.
WARNING: [IP_Flow 19-474] Invalid Parameter 'Component_Name'
startgroup
set_property CONFIG.PSU__USE__M_AXI_GP0 {0} [get_bd_cells zynq_ultra_ps_e_0]
endgroup
regenerate_bd_layout
validate_bd_design
INFO: [BD 5-943] Reserving offset range <0xB000_0000 [ 64K ]> from slave interface '/axi_smc/S00_AXI' to master interface '/axi_smc/M00_AXI'. This will be used by smartconnect on path for routing.
INFO: [xilinx.com:ip:smartconnect:1.0-1] mpsoc_bd_axi_smc_0: SmartConnect mpsoc_bd_axi_smc_0 is in Ultralite mode.
save_bd_design
Wrote  : </projects/mpsoc-network-server/temp/mpsoc-network-server/mpsoc-network-server.srcs/sources_1/bd/mpsoc_bd/mpsoc_bd.bd> 
Wrote  : </projects/mpsoc-network-server/temp/mpsoc-network-server/mpsoc-network-server.srcs/sources_1/bd/mpsoc_bd/ui/bd_c3adf7fd.ui> 
make_wrapper -files [get_files /projects/mpsoc-network-server/temp/mpsoc-network-server/mpsoc-network-server.srcs/sources_1/bd/mpsoc_bd/mpsoc_bd.bd] -top
INFO: [BD 41-1662] The design 'mpsoc_bd.bd' is already validated. Therefore parameter propagation will not be re-run.
Verilog Output written to : /projects/mpsoc-network-server/temp/mpsoc-network-server/mpsoc-network-server.gen/sources_1/bd/mpsoc_bd/synth/mpsoc_bd.v
Verilog Output written to : /projects/mpsoc-network-server/temp/mpsoc-network-server/mpsoc-network-server.gen/sources_1/bd/mpsoc_bd/sim/mpsoc_bd.v
Verilog Output written to : /projects/mpsoc-network-server/temp/mpsoc-network-server/mpsoc-network-server.gen/sources_1/bd/mpsoc_bd/hdl/mpsoc_bd_wrapper.v
import_files -force -norecurse /projects/mpsoc-network-server/temp/mpsoc-network-server/mpsoc-network-server.gen/sources_1/bd/mpsoc_bd/hdl/mpsoc_bd_wrapper.v
write_bd_tcl -force /projects/mpsoc-network-server/temp/mpsoc-network-server/mpsoc_bd.tcl
INFO: [BD 5-148] Tcl file written out </projects/mpsoc-network-server/temp/mpsoc-network-server/mpsoc_bd.tcl>.

exit
INFO: [Common 17-206] Exiting Vivado at Fri Sep 25 14:10:08 2026...
